------------------------------------------------------------
Timing Analyzer Summary
------------------------------------------------------------

Type  : Setup 'soc_inst|emif_hps|altera_emif_fm_hps_inst_phy_clk_0'
Slack : 2.069
TNS   : 0.000
Corner: Slow vid2 100C Model

Type  : Setup 'MAIN_CLOCK'
Slack : 4.841
TNS   : 0.000
Corner: Slow vid2 100C Model

Type  : Setup 'altera_reserved_tck'
Slack : 13.556
TNS   : 0.000
Corner: Slow vid2 100C Model

Type  : Hold 'MAIN_CLOCK'
Slack : 0.003
TNS   : 0.000
Corner: Fast vid2 100C Model

Type  : Hold 'altera_reserved_tck'
Slack : 0.050
TNS   : 0.000
Corner: Fast vid2a 0C Model

Type  : Hold 'soc_inst|emif_hps|altera_emif_fm_hps_inst_phy_clk_0'
Slack : 0.119
TNS   : 0.000
Corner: Fast vid2a 0C Model

Type  : Recovery 'MAIN_CLOCK'
Slack : 8.324
TNS   : 0.000
Corner: Slow vid2 100C Model

Type  : Recovery 'altera_reserved_tck'
Slack : 57.373
TNS   : 0.000
Corner: Slow vid2 100C Model

Type  : Removal 'MAIN_CLOCK'
Slack : 0.169
TNS   : 0.000
Corner: Fast vid2a 0C Model

Type  : Removal 'altera_reserved_tck'
Slack : 0.174
TNS   : 0.000
Corner: Fast vid2a 0C Model

Type  : Minimum Pulse Width 'soc_inst|emif_hps|altera_emif_fm_hps_inst_vco_clk_0'
Slack : 0.132
TNS   : 0.000
Corner: Slow vid2 100C Model

Type  : Minimum Pulse Width 'soc_inst|emif_hps|altera_emif_fm_hps_inst_vco_clk_1'
Slack : 0.132
TNS   : 0.000
Corner: Slow vid2 100C Model

Type  : Minimum Pulse Width 'soc_inst|emif_hps|altera_emif_fm_hps_inst_vco_clk_2'
Slack : 0.132
TNS   : 0.000
Corner: Slow vid2 100C Model

Type  : Minimum Pulse Width 'soc_inst|emif_hps|altera_emif_fm_hps_inst_wf_clk_3'
Slack : 0.189
TNS   : 0.000
Corner: Slow vid2 100C Model

Type  : Minimum Pulse Width 'soc_inst|emif_hps|altera_emif_fm_hps_inst_wf_clk_6'
Slack : 0.189
TNS   : 0.000
Corner: Slow vid2 100C Model

Type  : Minimum Pulse Width 'soc_inst|emif_hps|altera_emif_fm_hps_inst_wf_clk_8'
Slack : 0.189
TNS   : 0.000
Corner: Slow vid2 100C Model

Type  : Minimum Pulse Width 'soc_inst|emif_hps|altera_emif_fm_hps_inst_wf_clk_11'
Slack : 0.190
TNS   : 0.000
Corner: Slow vid2 100C Model

Type  : Minimum Pulse Width 'soc_inst|emif_hps|altera_emif_fm_hps_inst_wf_clk_2'
Slack : 0.190
TNS   : 0.000
Corner: Slow vid2 100C Model

Type  : Minimum Pulse Width 'soc_inst|emif_hps|altera_emif_fm_hps_inst_wf_clk_4'
Slack : 0.190
TNS   : 0.000
Corner: Slow vid2 100C Model

Type  : Minimum Pulse Width 'soc_inst|emif_hps|altera_emif_fm_hps_inst_wf_clk_5'
Slack : 0.190
TNS   : 0.000
Corner: Slow vid2 100C Model

Type  : Minimum Pulse Width 'soc_inst|emif_hps|altera_emif_fm_hps_inst_wf_clk_7'
Slack : 0.190
TNS   : 0.000
Corner: Slow vid2 100C Model

Type  : Minimum Pulse Width 'soc_inst|emif_hps|altera_emif_fm_hps_inst_wf_clk_9'
Slack : 0.190
TNS   : 0.000
Corner: Slow vid2 100C Model

Type  : Minimum Pulse Width 'soc_inst|emif_hps|altera_emif_fm_hps_inst_wf_clk_0'
Slack : 0.191
TNS   : 0.000
Corner: Slow vid2 100C Model

Type  : Minimum Pulse Width 'soc_inst|emif_hps|altera_emif_fm_hps_inst_wf_clk_1'
Slack : 0.191
TNS   : 0.000
Corner: Slow vid2 100C Model

Type  : Minimum Pulse Width 'soc_inst|emif_hps|altera_emif_fm_hps_inst_wf_clk_10'
Slack : 0.191
TNS   : 0.000
Corner: Slow vid2 100C Model

Type  : Minimum Pulse Width 'emif_hps_mem_mem_dqs[0]_IN'
Slack : 0.248
TNS   : 0.000
Corner: Slow vid2 100C Model

Type  : Minimum Pulse Width 'emif_hps_mem_mem_dqs[1]_IN'
Slack : 0.248
TNS   : 0.000
Corner: Slow vid2 100C Model

Type  : Minimum Pulse Width 'emif_hps_mem_mem_dqs[6]_IN'
Slack : 0.248
TNS   : 0.000
Corner: Slow vid2 100C Model

Type  : Minimum Pulse Width 'emif_hps_mem_mem_dqs[7]_IN'
Slack : 0.248
TNS   : 0.000
Corner: Slow vid2 100C Model

Type  : Minimum Pulse Width 'emif_hps_mem_mem_dqs[2]_IN'
Slack : 0.249
TNS   : 0.000
Corner: Slow vid2 100C Model

Type  : Minimum Pulse Width 'emif_hps_mem_mem_dqs[3]_IN'
Slack : 0.249
TNS   : 0.000
Corner: Slow vid2 100C Model

Type  : Minimum Pulse Width 'emif_hps_mem_mem_dqs[4]_IN'
Slack : 0.249
TNS   : 0.000
Corner: Slow vid2 100C Model

Type  : Minimum Pulse Width 'emif_hps_mem_mem_dqs[5]_IN'
Slack : 0.249
TNS   : 0.000
Corner: Slow vid2 100C Model

Type  : Minimum Pulse Width 'emif_hps_mem_mem_dqs[8]_IN'
Slack : 0.249
TNS   : 0.000
Corner: Slow vid2 100C Model

Type  : Minimum Pulse Width 'soc_inst|emif_hps|altera_emif_fm_hps_inst_phy_clk_0'
Slack : 1.284
TNS   : 0.000
Corner: Slow vid2 100C Model

Type  : Minimum Pulse Width 'soc_inst|emif_hps|altera_emif_fm_hps_inst_phy_clk_1'
Slack : 1.355
TNS   : 0.000
Corner: Slow vid2 100C Model

Type  : Minimum Pulse Width 'soc_inst|emif_hps|altera_emif_fm_hps_inst_phy_clk_2'
Slack : 1.355
TNS   : 0.000
Corner: Slow vid2 100C Model

Type  : Minimum Pulse Width 'internal_clk'
Slack : 2.346
TNS   : 0.000
Corner: Slow vid2 100C Model

Type  : Minimum Pulse Width 'EMIF_REF_CLOCK'
Slack : 4.302
TNS   : 0.000
Corner: Slow vid2 100C Model

Type  : Minimum Pulse Width 'MAIN_CLOCK'
Slack : 4.426
TNS   : 0.000
Corner: Slow vid2 100C Model

Type  : Minimum Pulse Width 'altera_reserved_tck'
Slack : 28.401
TNS   : 0.000
Corner: Slow vid2 100C Model

------------------------------------------------------------
Info: see the "DDR report" for DDR timing results
------------------------------------------------------------
------------------------------------------------------------
